// Jest Snapshot v1, https://goo.gl/fbAQLP

exports[`Should render AddExpensePage correctly. 1`] = `
<div>
  <h1
    className="ma4"
  >
    Add A New Expense
  </h1>
  <ExpenseForm
    onSubmit={[Function]}
  />
</div>
`;
