// Jest Snapshot v1, https://goo.gl/fbAQLP

exports[`Should render ExpenseList with empty message. 1`] = `
<table>
  <tbody>
    <tr>
      <td>
        No expenses found.
      </td>
    </tr>
  </tbody>
</table>
`;

exports[`Should render ExpenseList with expenses. 1`] = `
<table>
  <tbody>
    <ExpenseListItem
      amount={195}
      createdAt={0}
      description="Gum"
      id="1"
      key="1"
      note=""
    />
    <ExpenseListItem
      amount={109500}
      createdAt={-345600000}
      description="Rent bill"
      id="2"
      key="2"
      note=""
    />
    <ExpenseListItem
      amount={4500}
      createdAt={345600000}
      description="Credit Card"
      id="3"
      key="3"
      note=""
    />
  </tbody>
</table>
`;
