// Jest Snapshot v1, https://goo.gl/fbAQLP

exports[`Should render ExpenseListItem. 1`] = `
<tr
  className="stripe-dark"
>
  <td
    className="pa3"
  >
    <Link
      className="b db blue no-underline underline-hover"
      to="/edit/1"
    >
      Gum
    </Link>
  </td>
  <td
    className="pa3"
  >
    Dec 31st, 1969
  </td>
  <td
    className="pa3"
  >
    $1.95
  </td>
</tr>
`;
