// Jest Snapshot v1, https://goo.gl/fbAQLP

exports[`Should render LoginPage. 1`] = `
<div
  className="box-layout"
>
  <div
    className="box-layout__box"
  >
    <h1
      className="box-layout__title"
    >
      Expensify Redux
    </h1>
    <p>
      Let's get your expenses under control.
    </p>
    <button
      onClick={[MockFunction]}
    >
      Login with Google
    </button>
  </div>
</div>
`;
